C:\Program Files\Microsoft Visual Studio\18\Community\MSBuild\Microsoft\VC\v160\Microsoft.CppBuild.targets(499,5): warning MSB8004: Output Directory does not end with a trailing slash.  This build instance will add the slash as it is required to allow proper evaluation of the Output Directory.
  p_client.c
C:\Users\Jonathan\Git Stuff PC\Quake 2 mod\game\p_client.c(70,42): warning C4100: 'self': unreferenced formal parameter
C:\Users\Jonathan\Git Stuff PC\Quake 2 mod\game\p_client.c(179,66): warning C4100: 'damage': unreferenced formal parameter
C:\Users\Jonathan\Git Stuff PC\Quake 2 mod\game\p_client.c(179,56): warning C4100: 'kick': unreferenced formal parameter
C:\Users\Jonathan\Git Stuff PC\Quake 2 mod\game\p_client.c(179,43): warning C4100: 'other': unreferenced formal parameter
C:\Users\Jonathan\Git Stuff PC\Quake 2 mod\game\p_client.c(179,28): warning C4100: 'self': unreferenced formal parameter
C:\Users\Jonathan\Git Stuff PC\Quake 2 mod\game\p_client.c(211,46): warning C4100: 'inflictor': unreferenced formal parameter
C:\Users\Jonathan\Git Stuff PC\Quake 2 mod\game\p_client.c(501,91): warning C4100: 'point': unreferenced formal parameter
C:\Users\Jonathan\Git Stuff PC\Quake 2 mod\game\p_client.c(939,89): warning C4100: 'point': unreferenced formal parameter
C:\Users\Jonathan\Git Stuff PC\Quake 2 mod\game\p_client.c(939,60): warning C4100: 'attacker': unreferenced formal parameter
C:\Users\Jonathan\Git Stuff PC\Quake 2 mod\game\p_client.c(939,40): warning C4100: 'inflictor': unreferenced formal parameter
C:\Users\Jonathan\Git Stuff PC\Quake 2 mod\game\p_client.c(1336,14): warning C4456: declaration of 'i' hides previous local declaration
C:\Users\Jonathan\Git Stuff PC\Quake 2 mod\game\p_client.c(1306,7): message : see declaration of 'i'
C:\Users\Jonathan\Git Stuff PC\Quake 2 mod\game\p_client.c(1388,10): warning C4996: 'strcpy': This function or variable may be unsafe. Consider using strcpy_s instead. To disable deprecation, use _CRT_SECURE_NO_WARNINGS. See online help for details.
C:\Users\Jonathan\Git Stuff PC\Quake 2 mod\game\p_client.c(1393,2): warning C4996: 'strncpy': This function or variable may be unsafe. Consider using strncpy_s instead. To disable deprecation, use _CRT_SECURE_NO_WARNINGS. See online help for details.
C:\Users\Jonathan\Git Stuff PC\Quake 2 mod\game\p_client.c(1433,2): warning C4996: 'strncpy': This function or variable may be unsafe. Consider using strncpy_s instead. To disable deprecation, use _CRT_SECURE_NO_WARNINGS. See online help for details.
  p_weapon.c
C:\Users\Jonathan\Git Stuff PC\Quake 2 mod\game\p_weapon.c(841,16): warning C4013: 'fire_rocket2' undefined; assuming extern returning int
C:\Users\Jonathan\Git Stuff PC\Quake 2 mod\game\p_weapon.c(844,20): warning C4013: 'fire_grenadeMore' undefined; assuming extern returning int
C:\Users\Jonathan\Git Stuff PC\Quake 2 mod\game\p_weapon.c(907,16): warning C4013: 'fire_rocket3' undefined; assuming extern returning int
C:\Users\Jonathan\Git Stuff PC\Quake 2 mod\game\p_weapon.c(822,17): warning C4101: 'up': unreferenced local variable
C:\Users\Jonathan\Git Stuff PC\Quake 2 mod\game\p_weapon.c(822,10): warning C4101: 'right': unreferenced local variable
C:\Users\Jonathan\Git Stuff PC\Quake 2 mod\game\p_weapon.c(821,9): warning C4101: 'u': unreferenced local variable
C:\Users\Jonathan\Git Stuff PC\Quake 2 mod\game\p_weapon.c(820,9): warning C4101: 'r': unreferenced local variable
C:\Users\Jonathan\Git Stuff PC\Quake 2 mod\game\p_weapon.c(946,15): warning C4013: 'absorb_toggle' undefined; assuming extern returning int
C:\Users\Jonathan\Git Stuff PC\Quake 2 mod\game\p_weapon.c(948,9): warning C4477: 'printf' : format string '%s' requires an argument of type 'char *', but variadic argument 1 has type 'edict_t *'
C:\Users\Jonathan\Git Stuff PC\Quake 2 mod\game\p_weapon.c(921,83): warning C4100: 'effect': unreferenced formal parameter
  Generating Code...
     Creating library .\..\release\gamex86.lib and object .\..\release\gamex86.exp
  game.vcxproj -> C:\Users\Jonathan\Git Stuff PC\Quake 2 mod\game\release\gamex86.dll
